// Jest Snapshot v1, https://goo.gl/fbAQLP

exports[`<Title /> should render without throwing an error 1`] = `
<span
  className="title"
>
  Test Title
</span>
`;
